ADAPT-VQE...
start: 96 gates, 46 CNOTs, err=0.000000 mHa (0.5s)
Greedy prune (exact: err < 1.0e-06 Ha)...
  greedy start: 96 gates, 46 CNOTs (stop when err < 1.0e-06 Ha)
    round 1: tried 16/96 removals (16 evals)
    round 1: tried 32/96 removals (32 evals)
    round 1: tried 48/96 removals (48 evals)
    round 1: tried 64/96 removals (64 evals)
    round 1: tried 80/96 removals (80 evals)
    round 1: tried 96/96 removals (96 evals)
    round 1: removed 1 gate -> 95 gates, 45 CNOTs, err=0.0000 mHa (96 evals total)
    round 2: tried 16/95 removals (112 evals)
    round 2: tried 32/95 removals (128 evals)
    round 2: tried 48/95 removals (144 evals)
    round 2: tried 64/95 removals (160 evals)
    round 2: tried 80/95 removals (176 evals)
    round 2: removed 1 gate -> 94 gates, 44 CNOTs, err=0.0000 mHa (191 evals total)
    round 3: tried 16/94 removals (207 evals)
    round 3: tried 32/94 removals (223 evals)
    round 3: tried 48/94 removals (239 evals)
    round 3: tried 64/94 removals (255 evals)
    round 3: tried 80/94 removals (271 evals)
    round 3: removed 1 gate -> 93 gates, 43 CNOTs, err=0.0000 mHa (285 evals total)
    round 4: tried 16/93 removals (301 evals)
    round 4: tried 32/93 removals (317 evals)
    round 4: tried 48/93 removals (333 evals)
    round 4: tried 64/93 removals (349 evals)
    round 4: tried 80/93 removals (365 evals)
    round 4: removed 1 gate -> 92 gates, 42 CNOTs, err=0.0000 mHa (378 evals total)
    round 5: tried 16/92 removals (394 evals)
    round 5: tried 32/92 removals (410 evals)
    round 5: tried 48/92 removals (426 evals)
    round 5: tried 64/92 removals (442 evals)
    round 5: tried 80/92 removals (458 evals)
    round 5: removed 1 gate -> 91 gates, 41 CNOTs, err=0.0000 mHa (470 evals total)
    round 6: tried 16/91 removals (486 evals)
    round 6: tried 32/91 removals (502 evals)
    round 6: tried 48/91 removals (518 evals)
    round 6: tried 64/91 removals (534 evals)
    round 6: tried 80/91 removals (550 evals)
    round 6: removed 1 gate -> 90 gates, 40 CNOTs, err=0.0000 mHa (561 evals total)
    round 7: tried 16/90 removals (577 evals)
    round 7: tried 32/90 removals (593 evals)
    round 7: tried 48/90 removals (609 evals)
    round 7: tried 64/90 removals (625 evals)
    round 7: tried 80/90 removals (641 evals)
    round 7: removed 1 gate -> 89 gates, 39 CNOTs, err=0.0000 mHa (651 evals total)
    round 8: tried 16/89 removals (667 evals)
    round 8: tried 32/89 removals (683 evals)
    round 8: tried 48/89 removals (699 evals)
    round 8: tried 64/89 removals (715 evals)
    round 8: tried 80/89 removals (731 evals)
    round 8: removed 1 gate -> 88 gates, 38 CNOTs, err=0.0000 mHa (740 evals total)
    round 9: tried 16/88 removals (756 evals)
    round 9: tried 32/88 removals (772 evals)
    round 9: tried 48/88 removals (788 evals)
    round 9: tried 64/88 removals (804 evals)
    round 9: tried 80/88 removals (820 evals)
    round 9: removed 1 gate -> 87 gates, 37 CNOTs, err=0.0000 mHa (828 evals total)
    round 10: tried 16/87 removals (844 evals)
    round 10: tried 32/87 removals (860 evals)
    round 10: tried 48/87 removals (876 evals)
    round 10: tried 64/87 removals (892 evals)
    round 10: tried 80/87 removals (908 evals)
    round 10: removed 1 gate -> 86 gates, 36 CNOTs, err=0.0000 mHa (915 evals total)
    round 11: tried 16/86 removals (931 evals)
    round 11: tried 32/86 removals (947 evals)
    round 11: tried 48/86 removals (963 evals)
    round 11: tried 64/86 removals (979 evals)
    round 11: tried 80/86 removals (995 evals)
    round 11: removed 1 gate -> 85 gates, 35 CNOTs, err=0.0000 mHa (1001 evals total)
    round 12: tried 16/85 removals (1017 evals)
    round 12: tried 32/85 removals (1033 evals)
    round 12: tried 48/85 removals (1049 evals)
    round 12: tried 64/85 removals (1065 evals)
    round 12: tried 80/85 removals (1081 evals)
    round 12: removed 1 gate -> 84 gates, 34 CNOTs, err=0.0000 mHa (1086 evals total)
    round 13: tried 16/84 removals (1102 evals)
    round 13: tried 32/84 removals (1118 evals)
    round 13: tried 48/84 removals (1134 evals)
    round 13: tried 64/84 removals (1150 evals)
    round 13: tried 80/84 removals (1166 evals)
    round 13: removed 1 gate -> 83 gates, 33 CNOTs, err=0.0000 mHa (1170 evals total)
    round 14: tried 16/83 removals (1186 evals)
    round 14: tried 32/83 removals (1202 evals)
    round 14: tried 48/83 removals (1218 evals)
    round 14: tried 64/83 removals (1234 evals)
    round 14: tried 80/83 removals (1250 evals)
    round 14: removed 1 gate -> 82 gates, 32 CNOTs, err=0.0000 mHa (1253 evals total)
    round 15: tried 16/82 removals (1269 evals)
    round 15: tried 32/82 removals (1285 evals)
    round 15: tried 48/82 removals (1301 evals)
    round 15: tried 64/82 removals (1317 evals)
    round 15: tried 80/82 removals (1333 evals)
    round 15: removed 1 gate -> 81 gates, 31 CNOTs, err=0.0000 mHa (1335 evals total)
    round 16: tried 16/81 removals (1351 evals)
    round 16: tried 32/81 removals (1367 evals)
    round 16: tried 48/81 removals (1383 evals)
    round 16: tried 64/81 removals (1399 evals)
    round 16: tried 80/81 removals (1415 evals)
    round 16: removed 1 gate -> 80 gates, 30 CNOTs, err=0.0000 mHa (1416 evals total)
    round 17: tried 16/80 removals (1432 evals)
    round 17: tried 32/80 removals (1448 evals)
    round 17: tried 48/80 removals (1464 evals)
    round 17: tried 64/80 removals (1480 evals)
    round 17: tried 80/80 removals (1496 evals)
    round 17: removed 1 gate -> 79 gates, 29 CNOTs, err=0.0000 mHa (1496 evals total)
    round 18: tried 16/79 removals (1512 evals)
    round 18: tried 32/79 removals (1528 evals)
    round 18: tried 48/79 removals (1544 evals)
    round 18: tried 64/79 removals (1560 evals)
    round 18: removed 1 gate -> 78 gates, 28 CNOTs, err=0.0000 mHa (1575 evals total)
    round 19: tried 16/78 removals (1591 evals)
    round 19: tried 32/78 removals (1607 evals)
    round 19: tried 48/78 removals (1623 evals)
    round 19: tried 64/78 removals (1639 evals)
    round 19: removed 1 gate -> 77 gates, 27 CNOTs, err=0.0000 mHa (1653 evals total)
    round 20: tried 16/77 removals (1669 evals)
    round 20: tried 32/77 removals (1685 evals)
    round 20: tried 48/77 removals (1701 evals)
    round 20: tried 64/77 removals (1717 evals)
    round 20: removed 1 gate -> 76 gates, 27 CNOTs, err=0.0000 mHa (1730 evals total)
    round 21: tried 16/76 removals (1746 evals)
    round 21: tried 32/76 removals (1762 evals)
    round 21: tried 48/76 removals (1778 evals)
    round 21: tried 64/76 removals (1794 evals)
    round 21: removed 1 gate -> 75 gates, 26 CNOTs, err=0.0000 mHa (1806 evals total)
    round 22: tried 16/75 removals (1822 evals)
    round 22: tried 32/75 removals (1838 evals)
    round 22: tried 48/75 removals (1854 evals)
    round 22: tried 64/75 removals (1870 evals)
    round 22: removed 1 gate -> 74 gates, 26 CNOTs, err=0.0000 mHa (1881 evals total)
    round 23: tried 16/74 removals (1897 evals)
    round 23: tried 32/74 removals (1913 evals)
    round 23: tried 48/74 removals (1929 evals)
    round 23: tried 64/74 removals (1945 evals)
    round 23: removed 1 gate -> 73 gates, 25 CNOTs, err=0.0000 mHa (1955 evals total)
    round 24: tried 16/73 removals (1971 evals)
    round 24: tried 32/73 removals (1987 evals)
    round 24: tried 48/73 removals (2003 evals)
    round 24: tried 64/73 removals (2019 evals)
    round 24: removed 1 gate -> 72 gates, 25 CNOTs, err=0.0000 mHa (2028 evals total)
    round 25: tried 16/72 removals (2044 evals)
    round 25: tried 32/72 removals (2060 evals)
    round 25: tried 48/72 removals (2076 evals)
    round 25: tried 64/72 removals (2092 evals)
    round 25: removed 1 gate -> 71 gates, 25 CNOTs, err=0.0000 mHa (2100 evals total)
    round 26: tried 16/71 removals (2116 evals)
    round 26: tried 32/71 removals (2132 evals)
    round 26: tried 48/71 removals (2148 evals)
    round 26: tried 64/71 removals (2164 evals)
    round 26: removed 1 gate -> 70 gates, 25 CNOTs, err=0.0000 mHa (2171 evals total)
    round 27: tried 16/70 removals (2187 evals)
    round 27: tried 32/70 removals (2203 evals)
    round 27: tried 48/70 removals (2219 evals)
    round 27: tried 64/70 removals (2235 evals)
    round 27: removed 1 gate -> 69 gates, 25 CNOTs, err=0.0000 mHa (2241 evals total)
    round 28: tried 16/69 removals (2257 evals)
    round 28: tried 32/69 removals (2273 evals)
    round 28: tried 48/69 removals (2289 evals)
    round 28: tried 64/69 removals (2305 evals)
    round 28: removed 1 gate -> 68 gates, 25 CNOTs, err=0.0000 mHa (2310 evals total)
    round 29: tried 16/68 removals (2326 evals)
    round 29: tried 32/68 removals (2342 evals)
    round 29: tried 48/68 removals (2358 evals)
    round 29: tried 64/68 removals (2374 evals)
    round 29: removed 1 gate -> 67 gates, 25 CNOTs, err=0.0000 mHa (2378 evals total)
    round 30: tried 16/67 removals (2394 evals)
    round 30: tried 32/67 removals (2410 evals)
    round 30: tried 48/67 removals (2426 evals)
    round 30: tried 64/67 removals (2442 evals)
    round 30: removed 1 gate -> 66 gates, 25 CNOTs, err=0.0000 mHa (2445 evals total)
    round 31: tried 16/66 removals (2461 evals)
