
=== RL hybrid simul_prune (chem) [simul_fast] on LiH(2e,4o) | device cpu ===
  ep 1/12 | return   -6.8 | cnots 37 | gates 14 | phase build_failed
  ep 2/12 | return    5.0 | cnots 1 | gates 1 | phase build_failed
  ep 3/12 | return    5.0 | cnots 0 | gates 1 | phase build_failed
  ep 4/12 | return    5.0 | cnots 1 | gates 1 | phase build_failed
  ep 5/12 | return    5.0 | cnots 2 | gates 1 | phase build_failed
  ep 6/12 | return    5.0 | cnots 2 | gates 1 | phase build_failed
  ep 7/12 | return    5.0 | cnots 0 | gates 1 | phase build_failed
  ep 8/12 | return    5.0 | cnots 1 | gates 1 | phase build_failed
  ep 9/12 | return    5.0 | cnots 0 | gates 1 | phase build_failed
  ep 10/12 | return    5.0 | cnots 0 | gates 1 | phase build_failed
  ep 11/12 | return    5.0 | cnots 14 | gates 1 | phase build_failed
  ep 12/12 | return   -6.1 | cnots 2 | gates 2 | phase build_failed
update    1/12 | avg return  3.089 | best CNOTs chem:-- exact:-- | target 5.0e-03
  ep 1/12 | return    5.0 | cnots 0 | gates 1 | phase build_failed
  ep 2/12 | return    5.0 | cnots 14 | gates 1 | phase build_failed
  ep 3/12 | return    5.0 | cnots 1 | gates 1 | phase build_failed
  ep 4/12 | return    5.0 | cnots 1 | gates 1 | phase build_failed
  ep 5/12 | return    5.0 | cnots 1 | gates 1 | phase build_failed
  ep 6/12 | return    5.0 | cnots 1 | gates 1 | phase build_failed
  ep 7/12 | return    5.0 | cnots 1 | gates 1 | phase build_failed
  ep 8/12 | return    5.0 | cnots 1 | gates 1 | phase build_failed
  ep 9/12 | return    5.0 | cnots 1 | gates 1 | phase build_failed
  ep 10/12 | return    5.0 | cnots 0 | gates 1 | phase build_failed
  ep 11/12 | return    5.0 | cnots 1 | gates 1 | phase build_failed
  ep 12/12 | return    5.0 | cnots 14 | gates 1 | phase build_failed
update    2/12 | avg return  5.000 | best CNOTs chem:-- exact:-- | target 3.0e-03
  ep 1/12 | return    5.0 | cnots 0 | gates 1 | phase build_failed
  ep 2/12 | return    5.0 | cnots 1 | gates 1 | phase build_failed
  ep 3/12 | return    5.0 | cnots 14 | gates 1 | phase build_failed
  ep 4/12 | return    5.0 | cnots 0 | gates 1 | phase build_failed
  ep 5/12 | return    5.0 | cnots 0 | gates 1 | phase build_failed
  ep 6/12 | return    5.0 | cnots 1 | gates 1 | phase build_failed
  ep 7/12 | return    5.0 | cnots 1 | gates 1 | phase build_failed
  ep 8/12 | return    5.0 | cnots 0 | gates 1 | phase build_failed
  ep 9/12 | return    5.0 | cnots 1 | gates 1 | phase build_failed
  ep 10/12 | return    5.0 | cnots 1 | gates 1 | phase build_failed
  ep 11/12 | return    5.0 | cnots 0 | gates 1 | phase build_failed
  ep 12/12 | return    5.0 | cnots 2 | gates 1 | phase build_failed
update    3/12 | avg return  5.000 | best CNOTs chem:-- exact:-- | target 3.0e-03
  ep 1/12 | return   -1.0 | cnots 37 | gates 16 | phase build_failed
  ep 2/12 | return   -5.1 | cnots 28 | gates 16 | phase build_failed
  ep 3/12 | return   -2.4 | cnots 38 | gates 16 | phase build_failed
  ep 4/12 | return   -2.6 | cnots 15 | gates 16 | phase build_failed
  ep 5/12 | return   -1.0 | cnots 67 | gates 16 | phase build_failed
  ep 6/12 | return    4.4 | cnots 24 | gates 13 | phase build_failed
  ep 7/12 | return   -5.1 | cnots 3 | gates 5 | phase build_failed
  ep 8/12 | return   -3.6 | cnots 56 | gates 16 | phase build_failed
  ep 9/12 | return   -2.6 | cnots 78 | gates 16 | phase build_failed
  ep 10/12 | return   -3.0 | cnots 28 | gates 16 | phase build_failed
  ep 11/12 | return   -1.7 | cnots 16 | gates 16 | phase build_failed
  ep 12/12 | return   -2.9 | cnots 41 | gates 16 | phase build_failed
update    4/12 | avg return -2.206 | best CNOTs chem:-- exact:-- | target 2.9e-03
  ep 1/12 | return   -2.6 | cnots 28 | gates 16 | phase build_failed
  ep 2/12 | return   -4.0 | cnots 27 | gates 16 | phase build_failed
  ep 3/12 | return    5.0 | cnots 14 | gates 1 | phase build_failed
  ep 4/12 | return   -3.4 | cnots 13 | gates 16 | phase build_failed
  ep 5/12 | return   -5.4 | cnots 41 | gates 16 | phase build_failed
  ep 6/12 | return    5.0 | cnots 14 | gates 1 | phase build_failed
  ep 7/12 | return    5.0 | cnots 14 | gates 2 | phase build_failed
  ep 8/12 | return   -5.2 | cnots 4 | gates 8 | phase build_failed
  ep 9/12 | return   -3.9 | cnots 38 | gates 16 | phase build_failed
  ep 10/12 | return    4.9 | cnots 15 | gates 2 | phase build_failed
  ep 11/12 | return   -0.6 | cnots 39 | gates 16 | phase build_failed
  ep 12/12 | return   -5.0 | cnots 0 | gates 0 | phase build_failed
update    5/12 | avg return -0.858 | best CNOTs chem:-- exact:-- | target 2.9e-03
  ep 1/12 | return   -1.9 | cnots 38 | gates 16 | phase build_failed
  ep 2/12 | return    5.0 | cnots 14 | gates 2 | phase build_failed
  ep 3/12 | return   -4.9 | cnots 2 | gates 2 | phase build_failed
  ep 4/12 | return   -4.6 | cnots 38 | gates 16 | phase build_failed
  ep 5/12 | return   -5.4 | cnots 12 | gates 16 | phase build_failed
  ep 6/12 | return   -2.4 | cnots 41 | gates 16 | phase build_failed
  ep 7/12 | return    4.5 | cnots 18 | gates 9 | phase build_failed
  ep 8/12 | return    4.7 | cnots 17 | gates 5 | phase build_failed
  ep 9/12 | return   -4.2 | cnots 39 | gates 16 | phase build_failed
  ep 10/12 | return   -1.1 | cnots 38 | gates 16 | phase build_failed
  ep 11/12 | return   -1.1 | cnots 53 | gates 16 | phase build_failed
  ep 12/12 | return   -1.3 | cnots 50 | gates 16 | phase build_failed
update    6/12 | avg return -1.053 | best CNOTs chem:-- exact:-- | target 2.9e-03
  ep 1/12 | return   -4.0 | cnots 52 | gates 16 | phase build_failed
  ep 2/12 | return   -5.1 | cnots 2 | gates 2 | phase build_failed
  ep 3/12 | return   -3.2 | cnots 11 | gates 16 | phase build_failed
  ep 4/12 | return   -0.8 | cnots 22 | gates 16 | phase build_failed
  ep 5/12 | return   -3.6 | cnots 67 | gates 16 | phase build_failed
  ep 6/12 | return   -2.8 | cnots 53 | gates 16 | phase build_failed
  ep 7/12 | return   -4.8 | cnots 14 | gates 1 | phase build_failed
  ep 8/12 | return   -0.9 | cnots 38 | gates 16 | phase build_failed
  ep 9/12 | return    9.6 | cnots 27 | gates 51 | phase simul+prune
  ep 10/12 | return   -3.3 | cnots 40 | gates 16 | phase build_failed
  ep 11/12 | return   -2.9 | cnots 29 | gates 16 | phase build_failed
  ep 12/12 | return   18.1 | cnots 20 | gates 40 | phase simul+prune
update    7/12 | avg return -0.329 | best CNOTs chem:20 exact:-- | target 2.9e-03
  ep 1/12 | return   -1.7 | cnots 63 | gates 16 | phase build_failed
  ep 2/12 | return   -3.1 | cnots 27 | gates 16 | phase build_failed
  ep 3/12 | return   -5.1 | cnots 2 | gates 2 | phase build_failed
  ep 4/12 | return   -1.1 | cnots 68 | gates 16 | phase build_failed
  ep 5/12 | return    5.3 | cnots 45 | gates 6 | phase prune_skipped_large_compile
  ep 6/12 | return    5.1 | cnots 30 | gates 4 | phase prune_skipped_large_compile
  ep 7/12 | return   -5.4 | cnots 6 | gates 10 | phase build_failed
  ep 8/12 | return   -1.4 | cnots 42 | gates 16 | phase build_failed
  ep 9/12 | return   -3.4 | cnots 40 | gates 16 | phase build_failed
  ep 10/12 | return    0.5 | cnots 44 | gates 16 | phase build_failed
  ep 11/12 | return   -1.9 | cnots 40 | gates 16 | phase build_failed
  ep 12/12 | return   -5.0 | cnots 0 | gates 0 | phase build_failed
update    8/12 | avg return -1.438 | best CNOTs chem:20 exact:-- | target 1.6e-03
  ep 1/12 | return   -0.7 | cnots 31 | gates 16 | phase build_failed
  ep 2/12 | return   -0.9 | cnots 53 | gates 16 | phase build_failed
  ep 3/12 | return   -2.3 | cnots 45 | gates 16 | phase build_failed
  ep 4/12 | return   -2.4 | cnots 14 | gates 16 | phase build_failed
  ep 5/12 | return   -2.7 | cnots 54 | gates 16 | phase build_failed
  ep 6/12 | return   -0.9 | cnots 53 | gates 16 | phase build_failed
  ep 7/12 | return    0.4 | cnots 40 | gates 16 | phase build_failed
  ep 8/12 | return   -1.7 | cnots 67 | gates 16 | phase build_failed
  ep 9/12 | return   -5.1 | cnots 1 | gates 2 | phase build_failed
  ep 10/12 | return   -1.6 | cnots 24 | gates 16 | phase build_failed
  ep 11/12 | return   -2.0 | cnots 30 | gates 16 | phase build_failed
  ep 12/12 | return   -2.8 | cnots 11 | gates 16 | phase build_failed
update    9/12 | avg return -1.901 | best CNOTs chem:20 exact:-- | target 1.5e-03
  ep 1/12 | return   -1.2 | cnots 40 | gates 16 | phase build_failed
  ep 2/12 | return   -3.5 | cnots 34 | gates 16 | phase build_failed
  ep 3/12 | return   -1.2 | cnots 83 | gates 16 | phase build_failed
  ep 4/12 | return   -1.4 | cnots 29 | gates 16 | phase build_failed
  ep 5/12 | return   -1.2 | cnots 41 | gates 16 | phase build_failed
  ep 6/12 | return   -1.5 | cnots 66 | gates 16 | phase build_failed
  ep 7/12 | return   -2.3 | cnots 38 | gates 16 | phase build_failed
  ep 8/12 | return   -0.5 | cnots 45 | gates 16 | phase build_failed
  ep 9/12 | return   -3.8 | cnots 63 | gates 16 | phase build_failed
  ep 10/12 | return   -2.3 | cnots 47 | gates 16 | phase build_failed
  ep 11/12 | return   -0.4 | cnots 39 | gates 16 | phase build_failed
  ep 12/12 | return   -2.0 | cnots 57 | gates 16 | phase build_failed
update   10/12 | avg return -1.766 | best CNOTs chem:20 exact:-- | target 1.5e-03
  ep 1/12 | return   -4.9 | cnots 16 | gates 3 | phase build_failed
  ep 2/12 | return    4.5 | cnots 36 | gates 12 | phase prune_skipped_large_compile
  ep 3/12 | return   -0.6 | cnots 65 | gates 16 | phase build_failed
  ep 4/12 | return    5.2 | cnots 44 | gates 6 | phase prune_skipped_large_compile
  ep 5/12 | return   -0.4 | cnots 69 | gates 16 | phase build_failed
  ep 6/12 | return   -0.9 | cnots 73 | gates 16 | phase build_failed
  ep 7/12 | return   -1.2 | cnots 40 | gates 16 | phase build_failed
  ep 8/12 | return    4.8 | cnots 31 | gates 7 | phase prune_skipped_large_compile
  ep 9/12 | return   -1.3 | cnots 38 | gates 16 | phase build_failed
  ep 10/12 | return    5.0 | cnots 29 | gates 5 | phase prune_skipped_large_compile
  ep 11/12 | return   -0.6 | cnots 63 | gates 16 | phase build_failed
  ep 12/12 | return    3.5 | cnots 12 | gates 21 | phase simul+prune
update   11/12 | avg return  1.090 | best CNOTs chem:12 exact:-- | target 1.5e-03
  ep 1/12 | return   -0.3 | cnots 82 | gates 16 | phase build_failed
  ep 2/12 | return   -0.2 | cnots 41 | gates 16 | phase build_failed
  ep 3/12 | return   -1.2 | cnots 42 | gates 16 | phase build_failed
  ep 4/12 | return   -0.3 | cnots 37 | gates 16 | phase build_failed
  ep 5/12 | return    4.6 | cnots 12 | gates 25 | phase simul+prune
  ep 6/12 | return   -0.7 | cnots 67 | gates 16 | phase build_failed
  ep 7/12 | return    5.1 | cnots 60 | gates 11 | phase prune_skipped_large_compile
  ep 8/12 | return   -0.8 | cnots 68 | gates 16 | phase build_failed
  ep 9/12 | return    5.5 | cnots 15 | gates 28 | phase simul+prune
  ep 10/12 | return   -0.1 | cnots 107 | gates 16 | phase build_failed
  ep 11/12 | return   -0.7 | cnots 44 | gates 16 | phase build_failed
  ep 12/12 | return   -0.4 | cnots 38 | gates 16 | phase build_failed
update   12/12 | avg return  0.873 | best CNOTs chem:12 exact:-- | target 1.5e-03
  chem: 12 CNOTs, err +1.47e-03

method                                CNOTs  units   err vs FCI  chem exact
------------------------------------------------------------------------------
RL hybrid simul_prune (chem) [simul_fast] @ chem     12     21    +1.47e-03     Y     N

Saved results/final_lih_2e4o.json
